28-Jul-2026 23:06:18 Старт вычисления кривой OFDM_AWGN (1 из 1).
28-Jul-2026 23:06:18   Старт основных вычислений.
28-Jul-2026 23:06:36     h2 = -5.00 дБ; h2Step =  0.50 дБ; BER = 0.49733089 =    2546175/   5119680; FER =     120/    120 Завершено
28-Jul-2026 23:06:40     h2 = -4.50 дБ; h2Step =  0.50 дБ; BER = 0.49592514 =    2538978/   5119680; FER =     120/    120 Завершено
28-Jul-2026 23:06:44     h2 = -3.50 дБ; h2Step =  1.00 дБ; BER = 0.49182097 =    2517966/   5119680; FER =     120/    120 Завершено
28-Jul-2026 23:06:48     h2 = -2.50 дБ; h2Step =  1.00 дБ; BER = 0.48173362 =    2466322/   5119680; FER =     120/    120 Завершено
28-Jul-2026 23:06:52     h2 = -1.50 дБ; h2Step =  1.00 дБ; BER = 0.45877809 =    2348797/   5119680; FER =     120/    120 Завершено
28-Jul-2026 23:06:56     h2 = -0.50 дБ; h2Step =  1.00 дБ; BER = 0.40869976 =    2092412/   5119680; FER =     120/    120 Завершено
28-Jul-2026 23:07:00     h2 =  0.50 дБ; h2Step =  1.00 дБ; BER = 0.31450286 =    1610154/   5119680; FER =     120/    120 Завершено
28-Jul-2026 23:07:04     h2 =  1.50 дБ; h2Step =  1.00 дБ; BER = 0.18024271 =     922785/   5119680; FER =     120/    120 Завершено
28-Jul-2026 23:07:08     h2 =  2.50 дБ; h2Step =  1.00 дБ; BER = 0.06675827 =     341781/   5119680; FER =     120/    120 Завершено
28-Jul-2026 23:07:12     h2 =  3.50 дБ; h2Step =  1.00 дБ; BER = 0.01549726 =      79341/   5119680; FER =     120/    120 Завершено
28-Jul-2026 23:07:16     h2 =  4.50 дБ; h2Step =  1.00 дБ; BER = 0.00218900 =      11207/   5119680; FER =     120/    120 Завершено
28-Jul-2026 23:07:20     h2 =  5.00 дБ; h2Step =  0.50 дБ; BER = 0.00074204 =       3799/   5119680; FER =     120/    120 Завершено
28-Jul-2026 23:07:24     h2 =  5.50 дБ; h2Step =  0.50 дБ; BER = 0.00024123 =       1235/   5119680; FER =     105/    120 Завершено
28-Jul-2026 23:07:32     h2 =  6.00 дБ; h2Step =  0.50 дБ; BER = 0.00006748 =        691/  10239360; FER =     118/    240 Завершено
28-Jul-2026 23:07:32   Основные вычисления завершены.
28-Jul-2026 23:07:32   Старт дополнительных вычислений [4.00].
28-Jul-2026 23:07:36     h2 =  4.00 дБ; h2Step =   NaN дБ; BER = 0.00616425 =      31559/   5119680; FER =     120/    120 Завершено
28-Jul-2026 23:07:36   Дополнительные вычисления завершены.
28-Jul-2026 23:07:36 Вычисления завершены.

